\BOOKMARK [1][-]{section.1}{\376\377\0001\000\040\000I\000n\000t\000r\000o\000d\000u\000c\000t\000i\000o\000n}{}% 1
\BOOKMARK [1][-]{section.2}{\376\377\0002\000\040\000R\000e\000l\000a\000t\000e\000d\000\040\000W\000o\000r\000k}{}% 2
\BOOKMARK [2][-]{subsection.2.1}{\376\377\0002\000.\0001\000\040\000T\000O\000D\000O\000:\000\040\000S\000u\000b\000s\000e\000c\000t\000i\000o\000n\000\040\000T\000i\000t\000l\000e}{section.2}% 3
\BOOKMARK [2][-]{subsection.2.2}{\376\377\0002\000.\0002\000\040\000T\000O\000D\000O\000:\000\040\000S\000u\000b\000s\000e\000c\000t\000i\000o\000n\000\040\000T\000i\000t\000l\000e}{section.2}% 4
\BOOKMARK [1][-]{section.3}{\376\377\0003\000\040\000E\000x\000p\000e\000r\000i\000m\000e\000n\000t\000\040\000D\000e\000s\000i\000g\000n}{}% 5
\BOOKMARK [2][-]{subsection.3.1}{\376\377\0003\000.\0001\000\040\000R\000Q\0001\000:\000\040\000S\000t\000r\000u\000c\000t\000u\000r\000a\000l\000\040\000a\000n\000d\000\040\000S\000t\000y\000l\000i\000s\000t\000i\000c\000\040\000Q\000u\000a\000l\000i\000t\000y\000\040\000A\000n\000a\000l\000y\000s\000i\000s}{section.3}% 6
\BOOKMARK [2][-]{subsection.3.2}{\376\377\0003\000.\0002\000\040\000R\000Q\0002\000:\000\040\000S\000e\000c\000u\000r\000i\000t\000y\000\040\000V\000u\000l\000n\000e\000r\000a\000b\000i\000l\000i\000t\000y\000\040\000P\000r\000o\000f\000i\000l\000e\000\040\000A\000n\000a\000l\000y\000s\000i\000s}{section.3}% 7
\BOOKMARK [2][-]{subsection.3.3}{\376\377\0003\000.\0003\000\040\000R\000Q\0003\000:\000\040\000O\000p\000e\000n\000-\000W\000e\000i\000g\000h\000t\000\040\000v\000s\000.\000\040\000C\000l\000o\000s\000e\000d\000-\000W\000e\000i\000g\000h\000t\000\040\000L\000L\000M\000\040\000C\000o\000m\000p\000a\000r\000i\000s\000o\000n}{section.3}% 8
\BOOKMARK [1][-]{section.4}{\376\377\0004\000\040\000M\000e\000t\000h\000o\000d\000o\000l\000o\000g\000y}{}% 9
\BOOKMARK [2][-]{subsection.4.1}{\376\377\0004\000.\0001\000\040\000D\000a\000t\000a\000s\000e\000t\000\040\000a\000n\000d\000\040\000D\000a\000t\000a\000\040\000P\000r\000o\000c\000e\000s\000s\000i\000n\000g}{section.4}% 10
\BOOKMARK [2][-]{subsection.4.2}{\376\377\0004\000.\0002\000\040\000S\000t\000a\000t\000i\000c\000\040\000A\000n\000a\000l\000y\000s\000i\000s\000\040\000T\000o\000o\000l\000c\000h\000a\000i\000n}{section.4}% 11
\BOOKMARK [3][-]{subsubsection.4.2.1}{\376\377\0004\000.\0002\000.\0001\000\040\000F\000u\000n\000c\000t\000i\000o\000n\000a\000l\000\040\000D\000e\000f\000e\000c\000t\000\040\000D\000e\000t\000e\000c\000t\000i\000o\000n}{subsection.4.2}% 12
\BOOKMARK [3][-]{subsubsection.4.2.2}{\376\377\0004\000.\0002\000.\0002\000\040\000S\000t\000r\000u\000c\000t\000u\000r\000a\000l\000\040\000a\000n\000d\000\040\000C\000o\000m\000p\000l\000e\000x\000i\000t\000y\000\040\000P\000r\000o\000f\000i\000l\000i\000n\000g}{subsection.4.2}% 13
\BOOKMARK [1][-]{section.5}{\376\377\0005\000\040\000R\000e\000s\000u\000l\000t\000s}{}% 14
\BOOKMARK [2][-]{subsection.5.1}{\376\377\0005\000.\0001\000\040\000R\000Q\0001\000:\000\040\000D\000e\000f\000e\000c\000t\000\040\000P\000a\000t\000t\000e\000r\000n\000s\000\040\000a\000n\000d\000\040\000C\000a\000t\000e\000g\000o\000r\000i\000e\000s}{section.5}% 15
\BOOKMARK [2][-]{subsection.5.2}{\376\377\0005\000.\0002\000\040\000R\000Q\0002\000:\000\040\000S\000t\000r\000u\000c\000t\000u\000r\000a\000l\000\040\000C\000o\000m\000p\000l\000e\000x\000i\000t\000y\000\040\000a\000n\000d\000\040\000C\000o\000d\000e\000\040\000C\000o\000m\000p\000o\000s\000i\000t\000i\000o\000n}{section.5}% 16
\BOOKMARK [3][-]{subsubsection.5.2.1}{\376\377\0005\000.\0002\000.\0001\000\040\000S\000t\000r\000u\000c\000t\000u\000r\000a\000l\000\040\000C\000o\000m\000p\000l\000e\000x\000i\000t\000y\000\040\000T\000o\000o\000l\000i\000n\000g}{subsection.5.2}% 17
\BOOKMARK [3][-]{subsubsection.5.2.2}{\376\377\0005\000.\0002\000.\0002\000\040\000F\000i\000n\000d\000i\000n\000g\000s}{subsection.5.2}% 18
\BOOKMARK [2][-]{subsection.5.3}{\376\377\0005\000.\0003\000\040\000R\000Q\0003\000:\000\040\000S\000e\000c\000u\000r\000i\000t\000y\000\040\000V\000u\000l\000n\000e\000r\000a\000b\000i\000l\000i\000t\000y\000\040\000P\000a\000t\000t\000e\000r\000n\000s}{section.5}% 19
\BOOKMARK [3][-]{subsubsection.5.3.1}{\376\377\0005\000.\0003\000.\0001\000\040\000S\000e\000c\000u\000r\000i\000t\000y\000\040\000A\000n\000a\000l\000y\000s\000i\000s\000\040\000T\000o\000o\000l\000i\000n\000g}{subsection.5.3}% 20
\BOOKMARK [3][-]{subsubsection.5.3.2}{\376\377\0005\000.\0003\000.\0002\000\040\000O\000v\000e\000r\000a\000l\000l\000\040\000V\000u\000l\000n\000e\000r\000a\000b\000i\000l\000i\000t\000y\000\040\000P\000r\000e\000v\000a\000l\000e\000n\000c\000e}{subsection.5.3}% 21
\BOOKMARK [3][-]{subsubsection.5.3.3}{\376\377\0005\000.\0003\000.\0003\000\040\000S\000e\000v\000e\000r\000i\000t\000y\000\040\000D\000i\000s\000t\000r\000i\000b\000u\000t\000i\000o\000n\000\040\000o\000f\000\040\000F\000i\000n\000d\000i\000n\000g\000s}{subsection.5.3}% 22
\BOOKMARK [3][-]{subsubsection.5.3.4}{\376\377\0005\000.\0003\000.\0004\000\040\000C\000W\000E\000\040\000C\000a\000t\000e\000g\000o\000r\000y\000\040\000D\000i\000s\000t\000r\000i\000b\000u\000t\000i\000o\000n}{subsection.5.3}% 23
\BOOKMARK [3][-]{subsubsection.5.3.5}{\376\377\0005\000.\0003\000.\0005\000\040\000C\000o\000n\000t\000i\000n\000u\000o\000u\000s\000\040\000M\000e\000t\000r\000i\000c\000\040\000C\000o\000m\000p\000a\000r\000i\000s\000o\000n\000s}{subsection.5.3}% 24
\BOOKMARK [3][-]{subsubsection.5.3.6}{\376\377\0005\000.\0003\000.\0006\000\040\000M\000o\000s\000t\000\040\000F\000r\000e\000q\000u\000e\000n\000t\000\040\000C\000W\000E\000\040\000T\000y\000p\000e\000s}{subsection.5.3}% 25
\BOOKMARK [3][-]{subsubsection.5.3.7}{\376\377\0005\000.\0003\000.\0007\000\040\000I\000m\000p\000l\000i\000c\000a\000t\000i\000o\000n\000s}{subsection.5.3}% 26
\BOOKMARK [3][-]{subsubsection.5.3.8}{\376\377\0005\000.\0003\000.\0008\000\040\000L\000i\000m\000i\000t\000a\000t\000i\000o\000n\000s}{subsection.5.3}% 27
\BOOKMARK [1][-]{section.6}{\376\377\0006\000\040\000D\000i\000s\000c\000u\000s\000s\000i\000o\000n}{}% 28
\BOOKMARK [2][-]{subsection.6.1}{\376\377\0006\000.\0001\000\040\000S\000u\000m\000m\000a\000r\000y\000\040\000o\000f\000\040\000F\000i\000n\000d\000i\000n\000g\000s}{section.6}% 29
\BOOKMARK [2][-]{subsection.6.2}{\376\377\0006\000.\0002\000\040\000I\000m\000p\000l\000i\000c\000a\000t\000i\000o\000n\000s\000\040\000f\000o\000r\000\040\000P\000r\000a\000c\000t\000i\000t\000i\000o\000n\000e\000r\000s}{section.6}% 30
\BOOKMARK [2][-]{subsection.6.3}{\376\377\0006\000.\0003\000\040\000I\000m\000p\000l\000i\000c\000a\000t\000i\000o\000n\000s\000\040\000f\000o\000r\000\040\000R\000e\000s\000e\000a\000r\000c\000h\000e\000r\000s}{section.6}% 31
\BOOKMARK [2][-]{subsection.6.4}{\376\377\0006\000.\0004\000\040\000T\000h\000r\000e\000a\000t\000s\000\040\000t\000o\000\040\000V\000a\000l\000i\000d\000i\000t\000y}{section.6}% 32
